[    0.000000] Booting Linux on physical CPU 0x0
[    0.000000] Linux version 5.7.0-rc7-16236-gb0c3ba31be3e (pierrick@pierrick-Aspire-A515-54G) (gcc version 4.7.3 20130102 (prerelease) (crosstool-NG linaro-1.13.1-4.7-2013.01-20130125 - Linaro GCC 2013.01), GNU ld (crosstool-NG linaro-1.13.1-4.7-2013.01-20130125 - Linaro GCC 2013.01) 2.22) #1 SMP Thu May 28 13:15:18 CEST 2020
[    0.000000] CPU: ARMv7 Processor [413fc090] revision 0 (ARMv7), cr=10c5387d
[    0.000000] CPU: PIPT / VIPT nonaliasing data cache, VIPT aliasing instruction cache
[    0.000000] OF: fdt: Machine model: Terasic DE-0(Atlas)
[    0.000000] Memory policy: Data cache writealloc
[    0.000000] On node 0 totalpages: 262144
[    0.000000]   Normal zone: 1536 pages used for memmap
[    0.000000]   Normal zone: 0 pages reserved
[    0.000000]   Normal zone: 196608 pages, LIFO batch:63
[    0.000000]   HighMem zone: 65536 pages, LIFO batch:15
[    0.000000] percpu: Embedded 18 pages/cpu s44928 r8192 d20608 u73728
[    0.000000] pcpu-alloc: s44928 r8192 d20608 u73728 alloc=18*4096
[    0.000000] pcpu-alloc: [0] 0 [0] 1 
[    0.000000] Built 1 zonelists, mobility grouping on.  Total pages: 260608
[    0.000000] Kernel command line: console=ttyS0,115200 root=/dev/mmcblk0p2 rw rootwait
[    0.000000] Dentry cache hash table entries: 131072 (order: 7, 524288 bytes, linear)
[    0.000000] Inode-cache hash table entries: 65536 (order: 6, 262144 bytes, linear)
[    0.000000] mem auto-init: stack:off, heap alloc:off, heap free:off
[    0.000000] Memory: 1027296K/1048576K available (8192K kernel code, 638K rwdata, 1268K rodata, 1024K init, 140K bss, 21280K reserved, 0K cma-reserved, 262144K highmem)
[    0.000000] SLUB: HWalign=64, Order=0-3, MinObjects=0, CPUs=2, Nodes=1
[    0.000000] ftrace: allocating 27986 entries in 55 pages
[    0.000000] ftrace: allocated 55 pages with 5 groups
[    0.000000] rcu: Hierarchical RCU implementation.
[    0.000000] rcu: 	RCU event tracing is enabled.
[    0.000000] rcu: RCU calculated value of scheduler-enlistment delay is 10 jiffies.
[    0.000000] NR_IRQS: 16, nr_irqs: 16, preallocated irqs: 16
[    0.000000] L2C: DT/platform modifies aux control register: 0x02060000 -> 0x02460000
[    0.000000] L2C-310 erratum 769419 enabled
[    0.000000] L2C-310 enabling early BRESP for Cortex-A9
[    0.000000] L2C-310 full line of zeros enabled for Cortex-A9
[    0.000000] L2C-310 ID prefetch enabled, offset 8 lines
[    0.000000] L2C-310 dynamic clock gating enabled, standby mode enabled
[    0.000000] L2C-310 cache controller enabled, 8 ways, 512 kB
[    0.000000] L2C-310: CACHE_ID 0x410030c9, AUX_CTRL 0x76460001
[    0.000000] random: get_random_bytes called from start_kernel+0x428/0x638 with crng_init=0
[    0.000000] clocksource: timer1: mask: 0xffffffff max_cycles: 0xffffffff, max_idle_ns: 19112604467 ns
[    0.000007] sched_clock: 32 bits at 100MHz, resolution 10ns, wraps every 21474836475ns
[    0.000018] Switching to timer-based delay loop, resolution 10ns
[    0.000200] Console: colour dummy device 80x30
[    0.000237] Calibrating delay loop (skipped), value calculated using timer frequency.. 200.00 BogoMIPS (lpj=1000000)
[    0.000252] pid_max: default: 32768 minimum: 301
[    0.000388] Mount-cache hash table entries: 2048 (order: 1, 8192 bytes, linear)
[    0.000403] Mountpoint-cache hash table entries: 2048 (order: 1, 8192 bytes, linear)
[    0.001103] CPU: Testing write buffer coherency: ok
[    0.001139] CPU0: Spectre v2: using BPIALL workaround
[    0.001332] CPU0: thread -1, cpu 0, socket 0, mpidr 80000000
[    0.001964] Setting up static identity map for 0x100000 - 0x100060
[    0.002102] rcu: Hierarchical SRCU implementation.
[    0.002426] smp: Bringing up secondary CPUs ...
[    0.003210] CPU1: thread -1, cpu 1, socket 0, mpidr 80000001
[    0.003220] CPU1: Spectre v2: using BPIALL workaround
[    0.003353] smp: Brought up 1 node, 2 CPUs
[    0.003364] SMP: Total of 2 processors activated (400.00 BogoMIPS).
[    0.003371] CPU: All CPU(s) started in SVC mode.
[    0.003933] devtmpfs: initialized
[    0.008233] VFP support v0.3: implementor 41 architecture 3 part 30 variant 9 rev 4
[    0.008476] clocksource: jiffies: mask: 0xffffffff max_cycles: 0xffffffff, max_idle_ns: 19112604462750000 ns
[    0.008498] futex hash table entries: 512 (order: 3, 32768 bytes, linear)
[    0.009385] NET: Registered protocol family 16
[    0.010299] DMA: preallocated 256 KiB pool for atomic coherent allocations
[    0.011254] hw-breakpoint: found 5 (+1 reserved) breakpoint and 1 watchpoint registers.
[    0.011265] hw-breakpoint: maximum watchpoint size is 4 bytes.
[    0.026360] vgaarb: loaded
[    0.026638] SCSI subsystem initialized
[    0.026840] usbcore: registered new interface driver usbfs
[    0.026888] usbcore: registered new interface driver hub
[    0.026948] usbcore: registered new device driver usb
[    0.027112] usb_phy_generic soc:usbphy: supply vcc not found, using dummy regulator
[    0.027431] pps_core: LinuxPPS API ver. 1 registered
[    0.027440] pps_core: Software ver. 5.3.6 - Copyright 2005-2007 Rodolfo Giometti <giometti@linux.it>
[    0.027467] PTP clock support registered
[    0.027632] FPGA manager framework
[    0.028464] clocksource: Switched to clocksource timer1
[    0.623782] NET: Registered protocol family 2
[    0.624447] tcp_listen_portaddr_hash hash table entries: 512 (order: 0, 6144 bytes, linear)
[    0.624478] TCP established hash table entries: 8192 (order: 3, 32768 bytes, linear)
[    0.624564] TCP bind hash table entries: 8192 (order: 4, 65536 bytes, linear)
[    0.624706] TCP: Hash tables configured (established 8192 bind 8192)
[    0.624821] UDP hash table entries: 512 (order: 2, 16384 bytes, linear)
[    0.624863] UDP-Lite hash table entries: 512 (order: 2, 16384 bytes, linear)
[    0.625043] NET: Registered protocol family 1
[    0.625556] RPC: Registered named UNIX socket transport module.
[    0.625567] RPC: Registered udp transport module.
[    0.625573] RPC: Registered tcp transport module.
[    0.625580] RPC: Registered tcp NFSv4.1 backchannel transport module.
[    0.625595] PCI: CLS 0 bytes, default 64
[    0.626233] hw perfevents: enabled with armv7_cortex_a9 PMU driver, 7 counters available
[    0.627551] workingset: timestamp_bits=30 max_order=18 bucket_order=0
[    0.634856] NFS: Registering the id_resolver key type
[    0.634890] Key type id_resolver registered
[    0.634898] Key type id_legacy registered
[    0.634915] Installing knfsd (copyright (C) 1996 okir@monad.swb.de).
[    0.635782] ntfs: driver 2.1.32 [Flags: R/W].
[    0.636005] jffs2: version 2.2. (NAND) \xffffffc2\xffffffa9 2001-2006 Red Hat, Inc.
[    0.636597] bounce: pool size: 64 pages
[    0.636614] io scheduler mq-deadline registered
[    0.636622] io scheduler kyber registered
[    0.639882] dma-pl330 ffe01000.pdma: Loaded driver for PL330 DMAC-341330
[    0.639899] dma-pl330 ffe01000.pdma: 	DBUFF-512x8bytes Num_Chans-8 Num_Peri-32 Num_Events-8
[    0.643365] Serial: 8250/16550 driver, 2 ports, IRQ sharing disabled
[    0.644417] printk: console [ttyS0] disabled
[    0.644466] ffc02000.serial0: ttyS0 at MMIO 0xffc02000 (irq = 36, base_baud = 6250000) is a 16550A
[    1.243776] printk: console [ttyS0] enabled
[    1.248625] ffc03000.serial1: ttyS1 at MMIO 0xffc03000 (irq = 37, base_baud = 6250000) is a 16550A
[    1.259118] brd: module loaded
[    1.270243] loop: module loaded
[    1.274621] libphy: Fixed MDIO Bus: probed
[    1.279413] CAN device driver interface
[    1.283511] socfpga-dwmac ff702000.ethernet: IRQ eth_wake_irq not found
[    1.290136] socfpga-dwmac ff702000.ethernet: IRQ eth_lpi not found
[    1.296414] socfpga-dwmac ff702000.ethernet: PTP uses main clock
[    1.302630] socfpga-dwmac ff702000.ethernet: Version ID not available
[    1.309091] socfpga-dwmac ff702000.ethernet: 	DWMAC1000
[    1.314299] socfpga-dwmac ff702000.ethernet: DMA HW capability register supported
[    1.321773] socfpga-dwmac ff702000.ethernet: RX Checksum Offload Engine supported
[    1.329239] socfpga-dwmac ff702000.ethernet: COE Type 2
[    1.334444] socfpga-dwmac ff702000.ethernet: TX Checksum insertion supported
[    1.341476] socfpga-dwmac ff702000.ethernet: Enhanced/Alternate descriptors
[    1.348408] socfpga-dwmac ff702000.ethernet: Extended descriptors not supported
[    1.355706] socfpga-dwmac ff702000.ethernet: Ring mode enabled
[    1.361537] socfpga-dwmac ff702000.ethernet: device MAC address d6:cc:9d:b1:d0:4d
[    1.377227] libphy: stmmac: probed
[    1.380659] Micrel KSZ9021 Gigabit PHY stmmac-0:01: attached PHY driver [Micrel KSZ9021 Gigabit PHY] (mii_bus:phy_addr=stmmac-0:01, irq=POLL)
[    1.394509] dwc2 ffb40000.usb: supply vusb_d not found, using dummy regulator
[    1.401738] dwc2 ffb40000.usb: supply vusb_a not found, using dummy regulator
[    1.409133] dwc2 ffb40000.usb: EPs: 16, dedicated fifos, 8064 entries in SPRAM
[    1.416800] dwc2 ffb40000.usb: DWC OTG Controller
[    1.421554] dwc2 ffb40000.usb: new USB bus registered, assigned bus number 1
[    1.428622] dwc2 ffb40000.usb: irq 38, io mem 0xffb40000
[    1.434700] hub 1-0:1.0: USB hub found
[    1.438510] hub 1-0:1.0: 1 port detected
[    1.443200] usbcore: registered new interface driver usb-storage
[    1.449476] i2c /dev entries driver
[    1.453764] Synopsys Designware Multimedia Card Interface Driver
[    1.460247] dw_mmc ff704000.dwmmc0: IDMAC supports 32-bit address mode.
[    1.466868] dw_mmc ff704000.dwmmc0: Using internal DMA controller.
[    1.473056] dw_mmc ff704000.dwmmc0: Version ID is 240a
[    1.478221] dw_mmc ff704000.dwmmc0: DW MMC controller at irq 31,32 bit host data width,1024 deep fifo
[    1.487632] mmc_host mmc0: card is polling.
[    1.504495] mmc_host mmc0: Bus speed (slot 0) = 12500000Hz (slot req 400000Hz, actual 390625HZ div = 16)
[    1.526909] ledtrig-cpu: registered to indicate activity on CPUs
[    1.533082] usbcore: registered new interface driver usbhid
[    1.538664] usbhid: USB HID core driver
[    1.542787] fpga_manager fpga0: Altera SOCFPGA FPGA Manager registered
[    1.549868] altera_hps2fpga_bridge ff400000.fpga_bridge: fpga bridge [lwhps2fpga] registered
[    1.558553] altera_hps2fpga_bridge ff500000.fpga_bridge: fpga bridge [hps2fpga] registered
[    1.567222] oprofile: using arm/armv7-ca9
[    1.572023] NET: Registered protocol family 10
[    1.577491] Segment Routing with IPv6
[    1.581249] sit: IPv6, IPv4 and MPLS over IPv4 tunneling driver
[    1.587752] NET: Registered protocol family 17
[    1.592220] NET: Registered protocol family 15
[    1.596647] can: controller area network core (rev 20170425 abi 9)
[    1.602870] NET: Registered protocol family 29
[    1.607300] can: raw protocol (rev 20170425)
[    1.611572] can: broadcast manager protocol (rev 20170425 t)
[    1.617213] can: netlink gateway (rev 20190810) max_hops=1
[    1.622881] 8021q: 802.1Q VLAN Support v1.8
[    1.627087] Key type dns_resolver registered
[    1.631461] ThumbEE CPU extension supported.
[    1.635721] Registering SWP/SWPB emulation handler
[    1.642758] mmc_host mmc0: Bus speed (slot 0) = 12500000Hz (slot req 50000000Hz, actual 12500000HZ div = 0)
[    1.652632] mmc0: new high speed SDHC card at address aaaa
[    1.658199] dw-apb-uart ffc02000.serial0: forbid DMA for kernel console
[    1.665333] mmcblk0: mmc0:aaaa SC16G 14.8 GiB 
[    1.676606]  mmcblk0: p1 p2 p3
[    1.681995] EXT4-fs (mmcblk0p2): mounting ext3 file system using the ext4 subsystem
[    1.796285] random: fast init done
[    1.829262] EXT4-fs (mmcblk0p2): recovery complete
[    1.835331] EXT4-fs (mmcblk0p2): mounted filesystem with ordered data mode. Opts: (null)
[    1.843465] VFS: Mounted root (ext3 filesystem) on device 179:2.
[    1.862226] devtmpfs: mounted
[    1.867598] Freeing unused kernel memory: 1024K
[    1.872552] Run /sbin/init as init process
[    1.876633]   with arguments:
[    1.876637]     /sbin/init
[    1.876640]   with environment:
[    1.876643]     HOME=/
[    1.876646]     TERM=linux
[    1.898489] usb 1-1: new high-speed USB device number 2 using dwc2
[    2.149196] hub 1-1:1.0: USB hub found
[    2.153013] hub 1-1:1.0: 2 ports detected
[    2.722488] EXT4-fs (mmcblk0p2): re-mounted. Opts: (null)
[    3.131087] socfpga-dwmac ff702000.ethernet eth0: PHY [stmmac-0:01] driver [Micrel KSZ9021 Gigabit PHY] (irq=POLL)
[    3.148523] socfpga-dwmac ff702000.ethernet eth0: No Safety Features support found
[    3.156293] socfpga-dwmac ff702000.ethernet eth0: registered PTP clock
[    3.162922] socfpga-dwmac ff702000.ethernet eth0: configuring for phy/rgmii link mode
[   13.009764] random: sshd: uninitialized urandom read (32 bytes read)
[   13.155615] random: lighttpd: uninitialized urandom read (4096 bytes read)
[  195.128532] random: crng init done
